Archive member included to satisfy reference by file (symbol)

/usr/bin/../lib/gcc/arm-none-eabi/7.3.1/thumb/v7-m/libgcc.a(_aeabi_uldivmod.o)
                              hwlib.o (__aeabi_uldivmod)
/usr/bin/../lib/gcc/arm-none-eabi/7.3.1/thumb/v7-m/libgcc.a(_udivmoddi4.o)
                              /usr/bin/../lib/gcc/arm-none-eabi/7.3.1/thumb/v7-m/libgcc.a(_aeabi_uldivmod.o) (__udivmoddi4)
/usr/bin/../lib/gcc/arm-none-eabi/7.3.1/thumb/v7-m/libgcc.a(_dvmd_tls.o)
                              /usr/bin/../lib/gcc/arm-none-eabi/7.3.1/thumb/v7-m/libgcc.a(_aeabi_uldivmod.o) (__aeabi_ldiv0)
/usr/bin/../lib/gcc/arm-none-eabi/7.3.1/../../../../arm-none-eabi/lib/thumb/v7-m/libc.a(lib_a-memcpy.o)
                              map.o (memcpy)

Allocating common symbols
Common symbol       size              file

__dso_handle        0x4               bmptk_cortex.o

Discarded input sections

 .group         0x0000000000000000        0x8 max7219.o
 .group         0x0000000000000000        0x8 max7219.o
 .group         0x0000000000000000        0xc max7219.o
 .group         0x0000000000000000        0xc max7219.o
 .text          0x0000000000000000        0x0 max7219.o
 .data          0x0000000000000000        0x0 max7219.o
 .bss           0x0000000000000000        0x0 max7219.o
 .text._ZN3due11ad_pin_infoENS_7ad_pinsE
                0x0000000000000000       0x1c max7219.o
 .text._ZN3due11ad_seq_infoEm
                0x0000000000000000       0x20 max7219.o
 .text._ZN5hwlib9uart_putcEc
                0x0000000000000000        0x4 max7219.o
 .text._ZN5hwlib19uart_char_availableEv
                0x0000000000000000        0x4 max7219.o
 .text._ZN5hwlib9uart_getcEv
                0x0000000000000000        0x4 max7219.o
 .text._ZN7max721910set_bufferEPA32_b
                0x0000000000000000       0x2a max7219.o
 .text._ZN7max721915get_bool_bufferEii
                0x0000000000000000        0xc max7219.o
 .text._ZN7max72196invertEv
                0x0000000000000000       0x20 max7219.o
 .text._ZN7max72194fillEv
                0x0000000000000000       0x1e max7219.o
 .text._ZN7max721911shift_rightEv
                0x0000000000000000       0x24 max7219.o
 .text._ZN7max721915shift_left_loopEv
                0x0000000000000000       0x26 max7219.o
 .text._ZN7max721916shift_right_loopEv
                0x0000000000000000       0x26 max7219.o
 .rodata._ZZN3due11ad_pin_infoENS_7ad_pinsEE17ad_pin_info_array
                0x0000000000000000        0xc max7219.o
 .rodata._ZZN3due11ad_seq_infoEmE12ad_seq_array
                0x0000000000000000       0x70 max7219.o
 .group         0x0000000000000000        0xc map.o
 .text          0x0000000000000000        0x0 map.o
 .data          0x0000000000000000        0x0 map.o
 .bss           0x0000000000000000        0x0 map.o
 .text._ZN6sam3xa10SystemInitEv
                0x0000000000000000       0x7c map.o
 .text._ZN3due8pin_infoENS_4pinsE
                0x0000000000000000       0x20 map.o
 .text._ZN3due11ad_pin_infoENS_7ad_pinsE
                0x0000000000000000       0x1c map.o
 .text._ZN3due11ad_seq_infoEm
                0x0000000000000000       0x20 map.o
 .text._ZN3due14port_registersEm
                0x0000000000000000       0x54 map.o
 .text._ZN3due12ticks_per_usEv
                0x0000000000000000        0x6 map.o
 .text._ZN3due9now_ticksEv
                0x0000000000000000       0x80 map.o
 .text._ZN5hwlib9uart_putcEc
                0x0000000000000000        0x4 map.o
 .text._ZN5hwlib19uart_char_availableEv
                0x0000000000000000        0x4 map.o
 .text._ZN5hwlib9uart_getcEv
                0x0000000000000000        0x4 map.o
 .bss._ZZN3due9now_ticksEvE4high
                0x0000000000000000        0x8 map.o
 .bss._ZZN3due9now_ticksEvE8last_low
                0x0000000000000000        0x4 map.o
 .bss._ZZN3due9now_ticksEvE9init_done
                0x0000000000000000        0x1 map.o
 .data._ZN6sam3xa15SystemCoreClockE
                0x0000000000000000        0x4 map.o
 .rodata._ZN3due8pin_infoENS_4pinsE.str1.1
                0x0000000000000000       0x38 map.o
 .rodata._ZZN3due11ad_pin_infoENS_7ad_pinsEE17ad_pin_info_array
                0x0000000000000000        0xc map.o
 .rodata._ZZN3due11ad_seq_infoEmE12ad_seq_array
                0x0000000000000000       0x70 map.o
 .rodata._ZZN3due8pin_infoENS_4pinsEE14pin_info_array
                0x0000000000000000       0xa4 map.o
 .group         0x0000000000000000        0x8 player.o
 .group         0x0000000000000000        0x8 player.o
 .group         0x0000000000000000        0xc player.o
 .group         0x0000000000000000        0xc player.o
 .text          0x0000000000000000        0x0 player.o
 .data          0x0000000000000000        0x0 player.o
 .bss           0x0000000000000000        0x0 player.o
 .text._ZN6sam3xa10SystemInitEv
                0x0000000000000000       0x7c player.o
 .text._ZN3due8pin_infoENS_4pinsE
                0x0000000000000000       0x20 player.o
 .text._ZN3due11ad_pin_infoENS_7ad_pinsE
                0x0000000000000000       0x1c player.o
 .text._ZN3due11ad_seq_infoEm
                0x0000000000000000       0x20 player.o
 .text._ZN3due14port_registersEm
                0x0000000000000000       0x54 player.o
 .text._ZN3due12ticks_per_usEv
                0x0000000000000000        0x6 player.o
 .text._ZN3due9now_ticksEv
                0x0000000000000000       0x80 player.o
 .text._ZN5hwlib9uart_putcEc
                0x0000000000000000        0x4 player.o
 .text._ZN5hwlib19uart_char_availableEv
                0x0000000000000000        0x4 player.o
 .text._ZN5hwlib9uart_getcEv
                0x0000000000000000        0x4 player.o
 .bss._ZZN3due9now_ticksEvE4high
                0x0000000000000000        0x8 player.o
 .bss._ZZN3due9now_ticksEvE8last_low
                0x0000000000000000        0x4 player.o
 .bss._ZZN3due9now_ticksEvE9init_done
                0x0000000000000000        0x1 player.o
 .data._ZN6sam3xa15SystemCoreClockE
                0x0000000000000000        0x4 player.o
 .rodata._ZN3due8pin_infoENS_4pinsE.str1.1
                0x0000000000000000       0x38 player.o
 .rodata._ZZN3due11ad_pin_infoENS_7ad_pinsEE17ad_pin_info_array
                0x0000000000000000        0xc player.o
 .rodata._ZZN3due11ad_seq_infoEmE12ad_seq_array
                0x0000000000000000       0x70 player.o
 .rodata._ZZN3due8pin_infoENS_4pinsEE14pin_info_array
                0x0000000000000000       0xa4 player.o
 .group         0x0000000000000000        0xc obstacle.o
 .text          0x0000000000000000        0x0 obstacle.o
 .data          0x0000000000000000        0x0 obstacle.o
 .bss           0x0000000000000000        0x0 obstacle.o
 .text._ZN6sam3xa10SystemInitEv
                0x0000000000000000       0x7c obstacle.o
 .text._ZN3due8pin_infoENS_4pinsE
                0x0000000000000000       0x20 obstacle.o
 .text._ZN3due11ad_pin_infoENS_7ad_pinsE
                0x0000000000000000       0x1c obstacle.o
 .text._ZN3due11ad_seq_infoEm
                0x0000000000000000       0x20 obstacle.o
 .text._ZN3due14port_registersEm
                0x0000000000000000       0x54 obstacle.o
 .text._ZN3due12ticks_per_usEv
                0x0000000000000000        0x6 obstacle.o
 .text._ZN3due9now_ticksEv
                0x0000000000000000       0x80 obstacle.o
 .text._ZN5hwlib9uart_putcEc
                0x0000000000000000        0x4 obstacle.o
 .text._ZN5hwlib19uart_char_availableEv
                0x0000000000000000        0x4 obstacle.o
 .text._ZN5hwlib9uart_getcEv
                0x0000000000000000        0x4 obstacle.o
 .bss._ZZN3due9now_ticksEvE4high
                0x0000000000000000        0x8 obstacle.o
 .bss._ZZN3due9now_ticksEvE8last_low
                0x0000000000000000        0x4 obstacle.o
 .bss._ZZN3due9now_ticksEvE9init_done
                0x0000000000000000        0x1 obstacle.o
 .data._ZN6sam3xa15SystemCoreClockE
                0x0000000000000000        0x4 obstacle.o
 .rodata._ZN3due8pin_infoENS_4pinsE.str1.1
                0x0000000000000000       0x38 obstacle.o
 .rodata._ZZN3due11ad_pin_infoENS_7ad_pinsEE17ad_pin_info_array
                0x0000000000000000        0xc obstacle.o
 .rodata._ZZN3due11ad_seq_infoEmE12ad_seq_array
                0x0000000000000000       0x70 obstacle.o
 .rodata._ZZN3due8pin_infoENS_4pinsEE14pin_info_array
                0x0000000000000000       0xa4 obstacle.o
 .group         0x0000000000000000        0x8 hwlib.o
 .group         0x0000000000000000        0x8 hwlib.o
 .group         0x0000000000000000        0x8 hwlib.o
 .group         0x0000000000000000        0x8 hwlib.o
 .group         0x0000000000000000        0x8 hwlib.o
 .group         0x0000000000000000        0x8 hwlib.o
 .group         0x0000000000000000        0x8 hwlib.o
 .group         0x0000000000000000        0x8 hwlib.o
 .group         0x0000000000000000        0x8 hwlib.o
 .group         0x0000000000000000        0x8 hwlib.o
 .group         0x0000000000000000        0x8 hwlib.o
 .group         0x0000000000000000        0x8 hwlib.o
 .group         0x0000000000000000        0x8 hwlib.o
 .group         0x0000000000000000        0x8 hwlib.o
 .group         0x0000000000000000        0x8 hwlib.o
 .group         0x0000000000000000        0x8 hwlib.o
 .group         0x0000000000000000        0x8 hwlib.o
 .group         0x0000000000000000        0x8 hwlib.o
 .group         0x0000000000000000        0x8 hwlib.o
 .group         0x0000000000000000        0x8 hwlib.o
 .group         0x0000000000000000        0x8 hwlib.o
 .group         0x0000000000000000        0x8 hwlib.o
 .group         0x0000000000000000        0x8 hwlib.o
 .group         0x0000000000000000        0x8 hwlib.o
 .group         0x0000000000000000        0x8 hwlib.o
 .group         0x0000000000000000        0x8 hwlib.o
 .group         0x0000000000000000        0x8 hwlib.o
 .group         0x0000000000000000        0x8 hwlib.o
 .group         0x0000000000000000        0x8 hwlib.o
 .group         0x0000000000000000        0x8 hwlib.o
 .group         0x0000000000000000        0x8 hwlib.o
 .group         0x0000000000000000        0x8 hwlib.o
 .group         0x0000000000000000        0x8 hwlib.o
 .group         0x0000000000000000        0x8 hwlib.o
 .group         0x0000000000000000        0x8 hwlib.o
 .group         0x0000000000000000        0x8 hwlib.o
 .group         0x0000000000000000        0x8 hwlib.o
 .group         0x0000000000000000        0x8 hwlib.o
 .group         0x0000000000000000        0x8 hwlib.o
 .group         0x0000000000000000        0x8 hwlib.o
 .group         0x0000000000000000        0x8 hwlib.o
 .group         0x0000000000000000        0x8 hwlib.o
 .group         0x0000000000000000        0x8 hwlib.o
 .group         0x0000000000000000        0x8 hwlib.o
 .group         0x0000000000000000        0x8 hwlib.o
 .group         0x0000000000000000        0x8 hwlib.o
 .group         0x0000000000000000        0x8 hwlib.o
 .group         0x0000000000000000        0x8 hwlib.o
 .group         0x0000000000000000        0x8 hwlib.o
 .group         0x0000000000000000        0x8 hwlib.o
 .group         0x0000000000000000        0x8 hwlib.o
 .group         0x0000000000000000        0x8 hwlib.o
 .group         0x0000000000000000        0x8 hwlib.o
 .group         0x0000000000000000        0x8 hwlib.o
 .group         0x0000000000000000        0x8 hwlib.o
 .group         0x0000000000000000        0x8 hwlib.o
 .group         0x0000000000000000        0x8 hwlib.o
 .group         0x0000000000000000        0x8 hwlib.o
 .group         0x0000000000000000        0x8 hwlib.o
 .group         0x0000000000000000        0x8 hwlib.o
 .group         0x0000000000000000        0x8 hwlib.o
 .group         0x0000000000000000        0x8 hwlib.o
 .group         0x0000000000000000        0x8 hwlib.o
 .group         0x0000000000000000        0x8 hwlib.o
 .group         0x0000000000000000        0x8 hwlib.o
 .group         0x0000000000000000        0x8 hwlib.o
 .group         0x0000000000000000        0x8 hwlib.o
 .group         0x0000000000000000        0x8 hwlib.o
 .group         0x0000000000000000        0x8 hwlib.o
 .group         0x0000000000000000        0x8 hwlib.o
 .group         0x0000000000000000        0x8 hwlib.o
 .group         0x0000000000000000        0x8 hwlib.o
 .group         0x0000000000000000        0x8 hwlib.o
 .group         0x0000000000000000        0x8 hwlib.o
 .group         0x0000000000000000        0x8 hwlib.o
 .group         0x0000000000000000        0x8 hwlib.o
 .group         0x0000000000000000        0x8 hwlib.o
 .group         0x0000000000000000        0x8 hwlib.o
 .group         0x0000000000000000        0x8 hwlib.o
 .group         0x0000000000000000        0x8 hwlib.o
 .group         0x0000000000000000        0x8 hwlib.o
 .group         0x0000000000000000        0x8 hwlib.o
 .group         0x0000000000000000        0x8 hwlib.o
 .group         0x0000000000000000        0x8 hwlib.o
 .group         0x0000000000000000        0x8 hwlib.o
 .group         0x0000000000000000        0x8 hwlib.o
 .group         0x0000000000000000        0x8 hwlib.o
 .group         0x0000000000000000        0x8 hwlib.o
 .group         0x0000000000000000        0x8 hwlib.o
 .group         0x0000000000000000        0x8 hwlib.o
 .group         0x0000000000000000        0x8 hwlib.o
 .group         0x0000000000000000        0x8 hwlib.o
 .group         0x0000000000000000        0x8 hwlib.o
 .group         0x0000000000000000        0x8 hwlib.o
 .group         0x0000000000000000        0x8 hwlib.o
 .group         0x0000000000000000        0x8 hwlib.o
 .group         0x0000000000000000        0x8 hwlib.o
 .group         0x0000000000000000        0x8 hwlib.o
 .group         0x0000000000000000        0x8 hwlib.o
 .group         0x0000000000000000        0x8 hwlib.o
 .group         0x0000000000000000        0x8 hwlib.o
 .group         0x0000000000000000        0x8 hwlib.o
 .group         0x0000000000000000        0x8 hwlib.o
 .group         0x0000000000000000        0x8 hwlib.o
 .group         0x0000000000000000        0x8 hwlib.o
 .group         0x0000000000000000        0x8 hwlib.o
 .group         0x0000000000000000        0x8 hwlib.o
 .group         0x0000000000000000        0x8 hwlib.o
 .group         0x0000000000000000        0x8 hwlib.o
 .group         0x0000000000000000        0x8 hwlib.o
 .group         0x0000000000000000        0x8 hwlib.o
 .group         0x0000000000000000        0x8 hwlib.o
 .group         0x0000000000000000        0x8 hwlib.o
 .group         0x0000000000000000        0x8 hwlib.o
 .group         0x0000000000000000        0x8 hwlib.o
 .group         0x0000000000000000        0x8 hwlib.o
 .group         0x0000000000000000        0x8 hwlib.o
 .group         0x0000000000000000        0x8 hwlib.o
 .group         0x0000000000000000        0x8 hwlib.o
 .group         0x0000000000000000        0x8 hwlib.o
 .group         0x0000000000000000        0x8 hwlib.o
 .group         0x0000000000000000        0x8 hwlib.o
 .group         0x0000000000000000        0x8 hwlib.o
 .group         0x0000000000000000        0x8 hwlib.o
 .group         0x0000000000000000        0x8 hwlib.o
 .group         0x0000000000000000        0x8 hwlib.o
 .group         0x0000000000000000        0x8 hwlib.o
 .group         0x0000000000000000        0x8 hwlib.o
 .group         0x0000000000000000        0x8 hwlib.o
 .group         0x0000000000000000        0x8 hwlib.o
 .group         0x0000000000000000        0x8 hwlib.o
 .group         0x0000000000000000        0x8 hwlib.o
 .group         0x0000000000000000        0x8 hwlib.o
 .group         0x0000000000000000        0x8 hwlib.o
 .group         0x0000000000000000        0x8 hwlib.o
 .group         0x0000000000000000        0x8 hwlib.o
 .group         0x0000000000000000        0x8 hwlib.o
 .group         0x0000000000000000        0x8 hwlib.o
 .group         0x0000000000000000        0x8 hwlib.o
 .group         0x0000000000000000        0x8 hwlib.o
 .group         0x0000000000000000        0x8 hwlib.o
 .group         0x0000000000000000        0x8 hwlib.o
 .group         0x0000000000000000        0x8 hwlib.o
 .group         0x0000000000000000        0x8 hwlib.o
 .group         0x0000000000000000        0x8 hwlib.o
 .group         0x0000000000000000        0x8 hwlib.o
 .group         0x0000000000000000        0x8 hwlib.o
 .group         0x0000000000000000        0x8 hwlib.o
 .group         0x0000000000000000        0x8 hwlib.o
 .group         0x0000000000000000        0x8 hwlib.o
 .group         0x0000000000000000        0x8 hwlib.o
 .group         0x0000000000000000        0x8 hwlib.o
 .group         0x0000000000000000        0x8 hwlib.o
 .group         0x0000000000000000        0x8 hwlib.o
 .group         0x0000000000000000        0x8 hwlib.o
 .group         0x0000000000000000        0x8 hwlib.o
 .group         0x0000000000000000        0x8 hwlib.o
 .group         0x0000000000000000        0x8 hwlib.o
 .group         0x0000000000000000        0x8 hwlib.o
 .group         0x0000000000000000        0x8 hwlib.o
 .group         0x0000000000000000        0x8 hwlib.o
 .group         0x0000000000000000        0x8 hwlib.o
 .group         0x0000000000000000        0x8 hwlib.o
 .group         0x0000000000000000        0x8 hwlib.o
 .group         0x0000000000000000        0x8 hwlib.o
 .group         0x0000000000000000        0x8 hwlib.o
 .group         0x0000000000000000        0x8 hwlib.o
 .group         0x0000000000000000        0x8 hwlib.o
 .group         0x0000000000000000        0x8 hwlib.o
 .group         0x0000000000000000        0x8 hwlib.o
 .group         0x0000000000000000        0x8 hwlib.o
 .group         0x0000000000000000        0x8 hwlib.o
 .group         0x0000000000000000        0x8 hwlib.o
 .group         0x0000000000000000        0x8 hwlib.o
 .group         0x0000000000000000        0x8 hwlib.o
 .group         0x0000000000000000        0x8 hwlib.o
 .group         0x0000000000000000        0x8 hwlib.o
 .group         0x0000000000000000        0x8 hwlib.o
 .group         0x0000000000000000        0x8 hwlib.o
 .group         0x0000000000000000        0x8 hwlib.o
 .group         0x0000000000000000        0x8 hwlib.o
 .group         0x0000000000000000        0x8 hwlib.o
 .group         0x0000000000000000        0xc hwlib.o
 .group         0x0000000000000000        0x8 hwlib.o
 .group         0x0000000000000000        0x8 hwlib.o
 .group         0x0000000000000000        0x8 hwlib.o
 .group         0x0000000000000000        0xc hwlib.o
 .group         0x0000000000000000        0xc hwlib.o
 .group         0x0000000000000000        0x8 hwlib.o
 .group         0x0000000000000000        0xc hwlib.o
 .group         0x0000000000000000        0xc hwlib.o
 .group         0x0000000000000000        0x8 hwlib.o
 .group         0x0000000000000000        0xc hwlib.o
 .group         0x0000000000000000        0xc hwlib.o
 .group         0x0000000000000000        0xc hwlib.o
 .group         0x0000000000000000        0xc hwlib.o
 .group         0x0000000000000000        0xc hwlib.o
 .group         0x0000000000000000        0xc hwlib.o
 .group         0x0000000000000000        0xc hwlib.o
 .group         0x0000000000000000        0xc hwlib.o
 .group         0x0000000000000000        0xc hwlib.o
 .group         0x0000000000000000        0xc hwlib.o
 .group         0x0000000000000000        0xc hwlib.o
 .group         0x0000000000000000        0xc hwlib.o
 .group         0x0000000000000000        0xc hwlib.o
 .group         0x0000000000000000        0xc hwlib.o
 .group         0x0000000000000000        0xc hwlib.o
 .group         0x0000000000000000        0xc hwlib.o
 .group         0x0000000000000000        0xc hwlib.o
 .group         0x0000000000000000        0xc hwlib.o
 .group         0x0000000000000000        0xc hwlib.o
 .group         0x0000000000000000        0xc hwlib.o
 .group         0x0000000000000000        0xc hwlib.o
 .group         0x0000000000000000        0xc hwlib.o
 .group         0x0000000000000000        0xc hwlib.o
 .group         0x0000000000000000        0xc hwlib.o
 .group         0x0000000000000000        0xc hwlib.o
 .group         0x0000000000000000        0xc hwlib.o
 .group         0x0000000000000000        0xc hwlib.o
 .group         0x0000000000000000        0xc hwlib.o
 .group         0x0000000000000000        0xc hwlib.o
 .group         0x0000000000000000        0xc hwlib.o
 .group         0x0000000000000000        0xc hwlib.o
 .group         0x0000000000000000        0xc hwlib.o
 .group         0x0000000000000000        0xc hwlib.o
 .group         0x0000000000000000        0xc hwlib.o
 .group         0x0000000000000000        0xc hwlib.o
 .group         0x0000000000000000        0xc hwlib.o
 .group         0x0000000000000000        0xc hwlib.o
 .group         0x0000000000000000        0xc hwlib.o
 .group         0x0000000000000000        0xc hwlib.o
 .group         0x0000000000000000        0xc hwlib.o
 .group         0x0000000000000000        0xc hwlib.o
 .group         0x0000000000000000        0xc hwlib.o
 .group         0x0000000000000000        0xc hwlib.o
 .group         0x0000000000000000        0xc hwlib.o
 .group         0x0000000000000000        0xc hwlib.o
 .group         0x0000000000000000        0xc hwlib.o
 .group         0x0000000000000000        0xc hwlib.o
 .group         0x0000000000000000        0xc hwlib.o
 .group         0x0000000000000000        0xc hwlib.o
 .group         0x0000000000000000        0xc hwlib.o
 .group         0x0000000000000000        0xc hwlib.o
 .group         0x0000000000000000        0xc hwlib.o
 .group         0x0000000000000000        0xc hwlib.o
 .group         0x0000000000000000        0xc hwlib.o
 .group         0x0000000000000000        0xc hwlib.o
 .group         0x0000000000000000        0xc hwlib.o
 .group         0x0000000000000000        0xc hwlib.o
 .group         0x0000000000000000        0xc hwlib.o
 .text          0x0000000000000000        0x0 hwlib.o
 .data          0x0000000000000000        0x0 hwlib.o
 .bss           0x0000000000000000        0x0 hwlib.o
 .text._ZN5hwlib18pin_in_out_dummy_t5writeEb
                0x0000000000000000        0x2 hwlib.o
 .text._ZN5hwlib18pin_in_out_dummy_t4readEv
                0x0000000000000000        0x4 hwlib.o
 .text._ZN5hwlib18pin_in_out_dummy_t19direction_set_inputEv
                0x0000000000000000        0x2 hwlib.o
 .text._ZN5hwlib18pin_in_out_dummy_t20direction_set_outputEv
                0x0000000000000000        0x2 hwlib.o
 .text._ZN5hwlib18pin_in_out_dummy_t5flushEv
                0x0000000000000000        0x2 hwlib.o
 .text._ZN5hwlib18pin_in_out_dummy_t7refreshEv
                0x0000000000000000        0x2 hwlib.o
 .text._ZN5hwlib18pin_in_out_dummy_t15direction_flushEv
                0x0000000000000000        0x2 hwlib.o
 .text._ZN5hwlib14pin_in_dummy_t4readEv
                0x0000000000000000        0x4 hwlib.o
 .text._ZN5hwlib14pin_in_dummy_t7refreshEv
                0x0000000000000000        0x2 hwlib.o
 .text._ZN5hwlib15pin_out_dummy_t5writeEb
                0x0000000000000000        0x2 hwlib.o
 .text._ZN5hwlib15pin_out_dummy_t5flushEv
                0x0000000000000000        0x2 hwlib.o
 .text._ZN5hwlib14pin_oc_dummy_t5writeEb
                0x0000000000000000        0x2 hwlib.o
 .text._ZN5hwlib14pin_oc_dummy_t4readEv
                0x0000000000000000        0x4 hwlib.o
 .text._ZN5hwlib14pin_oc_dummy_t5flushEv
                0x0000000000000000        0x2 hwlib.o
 .text._ZN5hwlib14pin_oc_dummy_t7refreshEv
                0x0000000000000000        0x2 hwlib.o
 .text._ZN5hwlib17pin_out_from_oc_t5writeEb
                0x0000000000000000        0x8 hwlib.o
 .text._ZN5hwlib17pin_out_from_oc_t5flushEv
                0x0000000000000000        0x8 hwlib.o
 .text._ZN5hwlib18pin_out_from_out_t5writeEb
                0x0000000000000000        0x8 hwlib.o
 .text._ZN5hwlib18pin_out_from_out_t5flushEv
                0x0000000000000000        0x8 hwlib.o
 .text._ZN5hwlib21pin_out_from_in_out_t5writeEb
                0x0000000000000000        0x8 hwlib.o
 .text._ZN5hwlib21pin_out_from_in_out_t5flushEv
                0x0000000000000000        0x8 hwlib.o
 .text._ZN5hwlib16pin_in_from_oc_t4readEv
                0x0000000000000000        0x8 hwlib.o
 .text._ZN5hwlib16pin_in_from_oc_t7refreshEv
                0x0000000000000000        0x8 hwlib.o
 .text._ZN5hwlib16pin_in_from_in_t4readEv
                0x0000000000000000        0x8 hwlib.o
 .text._ZN5hwlib16pin_in_from_in_t7refreshEv
                0x0000000000000000        0x8 hwlib.o
 .text._ZN5hwlib20pin_in_from_in_out_t4readEv
                0x0000000000000000        0x8 hwlib.o
 .text._ZN5hwlib20pin_in_from_in_out_t7refreshEv
                0x0000000000000000        0x8 hwlib.o
 .text._ZN5hwlib20pin_in_out_from_oc_t19direction_set_inputEv
                0x0000000000000000        0xe hwlib.o
 .text._ZN5hwlib20pin_in_out_from_oc_t20direction_set_outputEv
                0x0000000000000000        0x6 hwlib.o
 .text._ZN5hwlib20pin_in_out_from_oc_t4readEv
                0x0000000000000000        0x8 hwlib.o
 .text._ZN5hwlib20pin_in_out_from_oc_t5flushEv
                0x0000000000000000        0x8 hwlib.o
 .text._ZN5hwlib20pin_in_out_from_oc_t7refreshEv
                0x0000000000000000        0x8 hwlib.o
 .text._ZN5hwlib20pin_in_out_from_oc_t15direction_flushEv
                0x0000000000000000        0x8 hwlib.o
 .text._ZN5hwlib24pin_in_out_from_in_out_t19direction_set_inputEv
                0x0000000000000000        0x8 hwlib.o
 .text._ZN5hwlib24pin_in_out_from_in_out_t20direction_set_outputEv
                0x0000000000000000        0x8 hwlib.o
 .text._ZN5hwlib24pin_in_out_from_in_out_t4readEv
                0x0000000000000000        0x8 hwlib.o
 .text._ZN5hwlib24pin_in_out_from_in_out_t5writeEb
                0x0000000000000000        0x8 hwlib.o
 .text._ZN5hwlib24pin_in_out_from_in_out_t5flushEv
                0x0000000000000000        0x8 hwlib.o
 .text._ZN5hwlib24pin_in_out_from_in_out_t7refreshEv
                0x0000000000000000        0x8 hwlib.o
 .text._ZN5hwlib24pin_in_out_from_in_out_t15direction_flushEv
                0x0000000000000000        0x8 hwlib.o
 .text._ZN5hwlib16pin_oc_from_oc_t4readEv
                0x0000000000000000        0x8 hwlib.o
 .text._ZN5hwlib16pin_oc_from_oc_t5writeEb
                0x0000000000000000        0x8 hwlib.o
 .text._ZN5hwlib16pin_oc_from_oc_t5flushEv
                0x0000000000000000        0x8 hwlib.o
 .text._ZN5hwlib16pin_oc_from_oc_t7refreshEv
                0x0000000000000000        0x8 hwlib.o
 .text._ZN5hwlib20pin_oc_from_in_out_t4readEv
                0x0000000000000000        0x8 hwlib.o
 .text._ZN5hwlib20pin_oc_from_in_out_t5flushEv
                0x0000000000000000       0x18 hwlib.o
 .text._ZN5hwlib20pin_oc_from_in_out_t7refreshEv
                0x0000000000000000        0x8 hwlib.o
 .text._ZN5hwlib21pin_invert_from_out_t5writeEb
                0x0000000000000000        0xc hwlib.o
 .text._ZN5hwlib21pin_invert_from_out_t5flushEv
                0x0000000000000000        0x8 hwlib.o
 .text._ZN5hwlib20pin_invert_from_in_t4readEv
                0x0000000000000000       0x12 hwlib.o
 .text._ZN5hwlib20pin_invert_from_in_t7refreshEv
                0x0000000000000000        0x8 hwlib.o
 .text._ZN5hwlib24pin_invert_from_in_out_t4readEv
                0x0000000000000000       0x12 hwlib.o
 .text._ZN5hwlib24pin_invert_from_in_out_t5writeEb
                0x0000000000000000        0xc hwlib.o
 .text._ZN5hwlib24pin_invert_from_in_out_t19direction_set_inputEv
                0x0000000000000000        0x8 hwlib.o
 .text._ZN5hwlib24pin_invert_from_in_out_t20direction_set_outputEv
                0x0000000000000000        0x8 hwlib.o
 .text._ZN5hwlib24pin_invert_from_in_out_t7refreshEv
                0x0000000000000000        0x8 hwlib.o
 .text._ZN5hwlib24pin_invert_from_in_out_t5flushEv
                0x0000000000000000        0x8 hwlib.o
 .text._ZN5hwlib24pin_invert_from_in_out_t15direction_flushEv
                0x0000000000000000        0x8 hwlib.o
 .text._ZN5hwlib20pin_invert_from_oc_t4readEv
                0x0000000000000000       0x12 hwlib.o
 .text._ZN5hwlib20pin_invert_from_oc_t5writeEb
                0x0000000000000000        0xc hwlib.o
 .text._ZN5hwlib20pin_invert_from_oc_t7refreshEv
                0x0000000000000000        0x8 hwlib.o
 .text._ZN5hwlib20pin_invert_from_oc_t5flushEv
                0x0000000000000000        0x8 hwlib.o
 .text._ZN5hwlib18all_from_pin_out_t5writeEb
                0x0000000000000000       0x1e hwlib.o
 .text._ZN5hwlib18all_from_pin_out_t5flushEv
                0x0000000000000000       0x1a hwlib.o
 .text._ZN5hwlib24pin_direct_from_in_out_t5writeEb
                0x0000000000000000       0x18 hwlib.o
 .text._ZN5hwlib24pin_direct_from_in_out_t4readEv
                0x0000000000000000       0x18 hwlib.o
 .text._ZN5hwlib24pin_direct_from_in_out_t19direction_set_inputEv
                0x0000000000000000       0x18 hwlib.o
 .text._ZN5hwlib24pin_direct_from_in_out_t20direction_set_outputEv
                0x0000000000000000       0x18 hwlib.o
 .text._ZN5hwlib24pin_direct_from_in_out_t5flushEv
                0x0000000000000000        0x2 hwlib.o
 .text._ZN5hwlib24pin_direct_from_in_out_t7refreshEv
                0x0000000000000000        0x2 hwlib.o
 .text._ZN5hwlib24pin_direct_from_in_out_t15direction_flushEv
                0x0000000000000000        0x2 hwlib.o
 .text._ZN5hwlib20pin_direct_from_in_t4readEv
                0x0000000000000000       0x18 hwlib.o
 .text._ZN5hwlib20pin_direct_from_in_t7refreshEv
                0x0000000000000000        0x2 hwlib.o
 .text._ZN5hwlib21pin_direct_from_out_t5writeEb
                0x0000000000000000       0x18 hwlib.o
 .text._ZN5hwlib21pin_direct_from_out_t5flushEv
                0x0000000000000000        0x2 hwlib.o
 .text._ZN5hwlib20pin_direct_from_oc_t5writeEb
                0x0000000000000000       0x18 hwlib.o
 .text._ZN5hwlib20pin_direct_from_oc_t4readEv
                0x0000000000000000       0x18 hwlib.o
 .text._ZN5hwlib20pin_direct_from_oc_t5flushEv
                0x0000000000000000        0x2 hwlib.o
 .text._ZN5hwlib20pin_direct_from_oc_t7refreshEv
                0x0000000000000000        0x2 hwlib.o
 .text._ZN5hwlib18port_out_from_oc_t14number_of_pinsEv
                0x0000000000000000        0x8 hwlib.o
 .text._ZN5hwlib18port_out_from_oc_t5writeEj
                0x0000000000000000        0x8 hwlib.o
 .text._ZN5hwlib18port_out_from_oc_t5flushEv
                0x0000000000000000        0x8 hwlib.o
 .text._ZN5hwlib19port_out_from_out_t14number_of_pinsEv
                0x0000000000000000        0x8 hwlib.o
 .text._ZN5hwlib19port_out_from_out_t5writeEj
                0x0000000000000000        0x8 hwlib.o
 .text._ZN5hwlib19port_out_from_out_t5flushEv
                0x0000000000000000        0x8 hwlib.o
 .text._ZN5hwlib22port_out_from_in_out_t14number_of_pinsEv
                0x0000000000000000        0x8 hwlib.o
 .text._ZN5hwlib22port_out_from_in_out_t5writeEj
                0x0000000000000000        0x8 hwlib.o
 .text._ZN5hwlib22port_out_from_in_out_t5flushEv
                0x0000000000000000        0x8 hwlib.o
 .text._ZN5hwlib17port_in_from_oc_t14number_of_pinsEv
                0x0000000000000000        0x8 hwlib.o
 .text._ZN5hwlib17port_in_from_oc_t4readEv
                0x0000000000000000        0x8 hwlib.o
 .text._ZN5hwlib17port_in_from_oc_t7refreshEv
                0x0000000000000000        0x8 hwlib.o
 .text._ZN5hwlib17port_in_from_in_t14number_of_pinsEv
                0x0000000000000000        0x8 hwlib.o
 .text._ZN5hwlib17port_in_from_in_t4readEv
                0x0000000000000000        0x8 hwlib.o
 .text._ZN5hwlib17port_in_from_in_t7refreshEv
                0x0000000000000000        0x8 hwlib.o
 .text._ZN5hwlib21port_in_from_in_out_t14number_of_pinsEv
                0x0000000000000000        0x8 hwlib.o
 .text._ZN5hwlib21port_in_from_in_out_t4readEv
                0x0000000000000000        0x8 hwlib.o
 .text._ZN5hwlib21port_in_from_in_out_t7refreshEv
                0x0000000000000000        0x8 hwlib.o
 .text._ZN5hwlib21port_in_out_from_oc_t14number_of_pinsEv
                0x0000000000000000        0x8 hwlib.o
 .text._ZN5hwlib21port_in_out_from_oc_t19direction_set_inputEv
                0x0000000000000000        0xe hwlib.o
 .text._ZN5hwlib21port_in_out_from_oc_t20direction_set_outputEv
                0x0000000000000000        0x6 hwlib.o
 .text._ZN5hwlib21port_in_out_from_oc_t4readEv
                0x0000000000000000        0x8 hwlib.o
 .text._ZN5hwlib21port_in_out_from_oc_t5flushEv
                0x0000000000000000        0x8 hwlib.o
 .text._ZN5hwlib21port_in_out_from_oc_t7refreshEv
                0x0000000000000000        0x8 hwlib.o
 .text._ZN5hwlib21port_in_out_from_oc_t15direction_flushEv
                0x0000000000000000        0x8 hwlib.o
 .text._ZN5hwlib25port_in_out_from_in_out_t14number_of_pinsEv
                0x0000000000000000        0x8 hwlib.o
 .text._ZN5hwlib25port_in_out_from_in_out_t19direction_set_inputEv
                0x0000000000000000        0x8 hwlib.o
 .text._ZN5hwlib25port_in_out_from_in_out_t20direction_set_outputEv
                0x0000000000000000        0x8 hwlib.o
 .text._ZN5hwlib25port_in_out_from_in_out_t4readEv
                0x0000000000000000        0x8 hwlib.o
 .text._ZN5hwlib25port_in_out_from_in_out_t5writeEj
                0x0000000000000000        0x8 hwlib.o
 .text._ZN5hwlib25port_in_out_from_in_out_t5flushEv
                0x0000000000000000        0x8 hwlib.o
 .text._ZN5hwlib25port_in_out_from_in_out_t7refreshEv
                0x0000000000000000        0x8 hwlib.o
 .text._ZN5hwlib25port_in_out_from_in_out_t15direction_flushEv
                0x0000000000000000        0x8 hwlib.o
 .text._ZN5hwlib17port_oc_from_oc_t14number_of_pinsEv
                0x0000000000000000        0x8 hwlib.o
 .text._ZN5hwlib17port_oc_from_oc_t4readEv
                0x0000000000000000        0x8 hwlib.o
 .text._ZN5hwlib17port_oc_from_oc_t5writeEj
                0x0000000000000000        0x8 hwlib.o
 .text._ZN5hwlib17port_oc_from_oc_t5flushEv
                0x0000000000000000        0x8 hwlib.o
 .text._ZN5hwlib17port_oc_from_oc_t7refreshEv
                0x0000000000000000        0x8 hwlib.o
 .text._ZN5hwlib23port_in_out_from_pins_t14number_of_pinsEv
                0x0000000000000000        0x4 hwlib.o
 .text._ZN5hwlib23port_in_out_from_pins_t19direction_set_inputEv
                0x0000000000000000       0x20 hwlib.o
 .text._ZN5hwlib23port_in_out_from_pins_t20direction_set_outputEv
                0x0000000000000000       0x20 hwlib.o
 .text._ZN5hwlib23port_in_out_from_pins_t15direction_flushEv
                0x0000000000000000       0x20 hwlib.o
 .text._ZN5hwlib23port_in_out_from_pins_t4readEv
                0x0000000000000000       0x2a hwlib.o
 .text._ZN5hwlib23port_in_out_from_pins_t7refreshEv
                0x0000000000000000       0x20 hwlib.o
 .text._ZN5hwlib23port_in_out_from_pins_t5writeEj
                0x0000000000000000       0x28 hwlib.o
 .text._ZN5hwlib23port_in_out_from_pins_t5flushEv
                0x0000000000000000       0x20 hwlib.o
 .text._ZN5hwlib19port_in_from_pins_t14number_of_pinsEv
                0x0000000000000000        0x4 hwlib.o
 .text._ZN5hwlib19port_in_from_pins_t4readEv
                0x0000000000000000       0x2a hwlib.o
 .text._ZN5hwlib19port_in_from_pins_t7refreshEv
                0x0000000000000000       0x20 hwlib.o
 .text._ZN5hwlib20port_out_from_pins_t14number_of_pinsEv
                0x0000000000000000        0x4 hwlib.o
 .text._ZN5hwlib20port_out_from_pins_t5writeEj
                0x0000000000000000       0x28 hwlib.o
 .text._ZN5hwlib20port_out_from_pins_t5flushEv
                0x0000000000000000       0x20 hwlib.o
 .text._ZN5hwlib23port_out_from_pins_oc_t14number_of_pinsEv
                0x0000000000000000        0x4 hwlib.o
 .text._ZN5hwlib23port_out_from_pins_oc_t5writeEj
                0x0000000000000000       0x28 hwlib.o
 .text._ZN5hwlib23port_out_from_pins_oc_t5flushEv
                0x0000000000000000       0x20 hwlib.o
 .text._ZN5hwlib19port_oc_from_pins_t14number_of_pinsEv
                0x0000000000000000        0x4 hwlib.o
 .text._ZN5hwlib19port_oc_from_pins_t4readEv
                0x0000000000000000       0x2a hwlib.o
 .text._ZN5hwlib19port_oc_from_pins_t5writeEj
                0x0000000000000000       0x28 hwlib.o
 .text._ZN5hwlib19port_oc_from_pins_t7refreshEv
                0x0000000000000000       0x20 hwlib.o
 .text._ZN5hwlib19port_oc_from_pins_t5flushEv
                0x0000000000000000       0x20 hwlib.o
 .text._ZN5hwlib25port_invert_from_in_out_t19direction_set_inputEv
                0x0000000000000000        0x8 hwlib.o
 .text._ZN5hwlib25port_invert_from_in_out_t20direction_set_outputEv
                0x0000000000000000        0x8 hwlib.o
 .text._ZN5hwlib25port_invert_from_in_out_t14number_of_pinsEv
                0x0000000000000000        0x8 hwlib.o
 .text._ZN5hwlib25port_invert_from_in_out_t4readEv
                0x0000000000000000        0xe hwlib.o
 .text._ZN5hwlib25port_invert_from_in_out_t7refreshEv
                0x0000000000000000        0x8 hwlib.o
 .text._ZN5hwlib25port_invert_from_in_out_t5writeEj
                0x0000000000000000        0xa hwlib.o
 .text._ZN5hwlib25port_invert_from_in_out_t5flushEv
                0x0000000000000000        0x8 hwlib.o
 .text._ZN5hwlib25port_invert_from_in_out_t15direction_flushEv
                0x0000000000000000        0x8 hwlib.o
 .text._ZN5hwlib21port_invert_from_in_t14number_of_pinsEv
                0x0000000000000000        0x8 hwlib.o
 .text._ZN5hwlib21port_invert_from_in_t4readEv
                0x0000000000000000        0xe hwlib.o
 .text._ZN5hwlib21port_invert_from_in_t7refreshEv
                0x0000000000000000        0x8 hwlib.o
 .text._ZN5hwlib22port_invert_from_out_t14number_of_pinsEv
                0x0000000000000000        0x8 hwlib.o
 .text._ZN5hwlib22port_invert_from_out_t5writeEj
                0x0000000000000000        0xa hwlib.o
 .text._ZN5hwlib22port_invert_from_out_t5flushEv
                0x0000000000000000        0x8 hwlib.o
 .text._ZN5hwlib21port_invert_from_oc_t14number_of_pinsEv
                0x0000000000000000        0x8 hwlib.o
 .text._ZN5hwlib21port_invert_from_oc_t4readEv
                0x0000000000000000        0xe hwlib.o
 .text._ZN5hwlib21port_invert_from_oc_t7refreshEv
                0x0000000000000000        0x8 hwlib.o
 .text._ZN5hwlib21port_invert_from_oc_t5writeEj
                0x0000000000000000        0xa hwlib.o
 .text._ZN5hwlib21port_invert_from_oc_t5flushEv
                0x0000000000000000        0x8 hwlib.o
 .text._ZN5hwlib19all_from_port_out_t5writeEb
                0x0000000000000000       0x12 hwlib.o
 .text._ZN5hwlib19all_from_port_out_t5flushEv
                0x0000000000000000        0x8 hwlib.o
 .text._ZN5hwlib25port_direct_from_in_out_t14number_of_pinsEv
                0x0000000000000000        0x8 hwlib.o
 .text._ZN5hwlib25port_direct_from_in_out_t5writeEj
                0x0000000000000000       0x18 hwlib.o
 .text._ZN5hwlib25port_direct_from_in_out_t4readEv
                0x0000000000000000       0x18 hwlib.o
 .text._ZN5hwlib25port_direct_from_in_out_t19direction_set_inputEv
                0x0000000000000000       0x18 hwlib.o
 .text._ZN5hwlib25port_direct_from_in_out_t20direction_set_outputEv
                0x0000000000000000       0x18 hwlib.o
 .text._ZN5hwlib25port_direct_from_in_out_t5flushEv
                0x0000000000000000        0x2 hwlib.o
 .text._ZN5hwlib25port_direct_from_in_out_t7refreshEv
                0x0000000000000000        0x2 hwlib.o
 .text._ZN5hwlib25port_direct_from_in_out_t15direction_flushEv
                0x0000000000000000        0x2 hwlib.o
 .text._ZN5hwlib21port_direct_from_in_t14number_of_pinsEv
                0x0000000000000000        0x8 hwlib.o
 .text._ZN5hwlib21port_direct_from_in_t4readEv
                0x0000000000000000       0x18 hwlib.o
 .text._ZN5hwlib21port_direct_from_in_t7refreshEv
                0x0000000000000000        0x2 hwlib.o
 .text._ZN5hwlib22port_direct_from_out_t14number_of_pinsEv
                0x0000000000000000        0x8 hwlib.o
 .text._ZN5hwlib22port_direct_from_out_t5writeEj
                0x0000000000000000       0x18 hwlib.o
 .text._ZN5hwlib22port_direct_from_out_t5flushEv
                0x0000000000000000        0x2 hwlib.o
 .text._ZN5hwlib21port_direct_from_oc_t14number_of_pinsEv
                0x0000000000000000        0x8 hwlib.o
 .text._ZN5hwlib21port_direct_from_oc_t5writeEj
                0x0000000000000000       0x18 hwlib.o
 .text._ZN5hwlib21port_direct_from_oc_t4readEv
                0x0000000000000000       0x18 hwlib.o
 .text._ZN5hwlib21port_direct_from_oc_t5flushEv
                0x0000000000000000        0x2 hwlib.o
 .text._ZN5hwlib21port_direct_from_oc_t7refreshEv
                0x0000000000000000        0x2 hwlib.o
 .text._ZN5hwlib7istream11getc_nowaitEv
                0x0000000000000000       0x1a hwlib.o
 .text._ZN5hwlib20cout_using_uart_putc5flushEv
                0x0000000000000000        0x2 hwlib.o
 .text._ZNK5hwlib14image_invert_t18get_implementationENS_2xyE
                0x0000000000000000       0x8a hwlib.o
 .text._ZNK5hwlib9image_8x818get_implementationENS_2xyE
                0x0000000000000000       0x44 hwlib.o
 .text._ZN5hwlib20pin_in_out_from_oc_t5writeEb
                0x0000000000000000        0xe hwlib.o
 .text._ZN5hwlib20pin_oc_from_in_out_t5writeEb
                0x0000000000000000       0x26 hwlib.o
 .text._ZN5hwlib21port_in_out_from_oc_t5writeEj
                0x0000000000000000        0xe hwlib.o
 .text._ZN5hwlib21pin_out_from_in_out_tC2ERNS_10pin_in_outE
                0x0000000000000000       0x24 hwlib.o
 .text._ZN5hwlib12pin_out_fromERNS_6pin_ocE
                0x0000000000000000        0xc hwlib.o
 .text._ZN5hwlib12pin_out_fromERNS_7pin_outE
                0x0000000000000000        0xc hwlib.o
 .text._ZN5hwlib12pin_out_fromERNS_10pin_in_outE
                0x0000000000000000        0xc hwlib.o
 .text._ZN5hwlib11pin_in_fromERNS_6pin_inE
                0x0000000000000000        0xc hwlib.o
 .text._ZN5hwlib11pin_in_fromERNS_10pin_in_outE
                0x0000000000000000       0x24 hwlib.o
 .text._ZN5hwlib11pin_in_fromERNS_6pin_ocE
                0x0000000000000000       0x28 hwlib.o
 .text._ZN5hwlib15pin_in_out_fromERNS_6pin_ocE
                0x0000000000000000        0xc hwlib.o
 .text._ZN5hwlib15pin_in_out_fromERNS_10pin_in_outE
                0x0000000000000000        0xc hwlib.o
 .text._ZN5hwlib11pin_oc_fromERNS_6pin_ocE
                0x0000000000000000        0xc hwlib.o
 .text._ZN5hwlib11pin_oc_fromERNS_10pin_in_outE
                0x0000000000000000        0xc hwlib.o
 .text._ZN5hwlib6invertERNS_7pin_outE
                0x0000000000000000        0xc hwlib.o
 .text._ZN5hwlib6invertERNS_6pin_inE
                0x0000000000000000        0xc hwlib.o
 .text._ZN5hwlib6invertERNS_10pin_in_outE
                0x0000000000000000        0xc hwlib.o
 .text._ZN5hwlib6invertERNS_6pin_ocE
                0x0000000000000000        0xc hwlib.o
 .text._ZN5hwlib3allERNS_7pin_outES1_S1_S1_S1_S1_S1_S1_S1_S1_S1_S1_S1_S1_S1_S1_
                0x0000000000000000       0x48 hwlib.o
 .text._ZN5hwlib6directERNS_7pin_outE
                0x0000000000000000        0xc hwlib.o
 .text._ZN5hwlib6directERNS_6pin_inE
                0x0000000000000000        0xc hwlib.o
 .text._ZN5hwlib6directERNS_10pin_in_outE
                0x0000000000000000        0xc hwlib.o
 .text._ZN5hwlib6directERNS_6pin_ocE
                0x0000000000000000        0xc hwlib.o
 .text._ZN5hwlib22port_out_from_in_out_tC2ERNS_11port_in_outE
                0x0000000000000000       0x24 hwlib.o
 .text._ZN5hwlib13port_out_fromERNS_7port_ocE
                0x0000000000000000        0xc hwlib.o
 .text._ZN5hwlib13port_out_fromERNS_8port_outE
                0x0000000000000000        0xc hwlib.o
 .text._ZN5hwlib13port_out_fromERNS_11port_in_outE
                0x0000000000000000        0xc hwlib.o
 .text._ZN5hwlib12port_in_fromERNS_7port_inE
                0x0000000000000000        0xc hwlib.o
 .text._ZN5hwlib12port_in_fromERNS_11port_in_outE
                0x0000000000000000       0x24 hwlib.o
 .text._ZN5hwlib12port_in_fromERNS_7port_ocE
                0x0000000000000000       0x28 hwlib.o
 .text._ZN5hwlib16port_in_out_fromERNS_7port_ocE
                0x0000000000000000        0xc hwlib.o
 .text._ZN5hwlib16port_in_out_fromERNS_11port_in_outE
                0x0000000000000000        0xc hwlib.o
 .text._ZN5hwlib12port_oc_fromERNS_7port_ocE
                0x0000000000000000        0xc hwlib.o
 .text._ZN5hwlib16port_in_out_fromERNS_10pin_in_outES1_S1_S1_S1_S1_S1_S1_S1_S1_S1_S1_S1_S1_S1_S1_
                0x0000000000000000       0x68 hwlib.o
 .text._ZN5hwlib13port_out_fromERNS_6pin_ocES1_S1_S1_S1_S1_S1_S1_S1_S1_S1_S1_S1_S1_S1_S1_
                0x0000000000000000       0x68 hwlib.o
 .text._ZN5hwlib13port_out_fromERNS_7pin_outES1_S1_S1_S1_S1_S1_S1_S1_S1_S1_S1_S1_S1_S1_S1_
                0x0000000000000000       0x68 hwlib.o
 .text._ZN5hwlib12port_in_fromERNS_6pin_inES1_S1_S1_S1_S1_S1_S1_S1_S1_S1_S1_S1_S1_S1_S1_
                0x0000000000000000       0x68 hwlib.o
 .text._ZN5hwlib12port_oc_fromERNS_6pin_ocES1_S1_S1_S1_S1_S1_S1_S1_S1_S1_S1_S1_S1_S1_S1_
                0x0000000000000000       0x68 hwlib.o
 .text._ZN5hwlib6invertERNS_8port_outE
                0x0000000000000000        0xc hwlib.o
 .text._ZN5hwlib6invertERNS_7port_inE
                0x0000000000000000        0xc hwlib.o
 .text._ZN5hwlib6invertERNS_11port_in_outE
                0x0000000000000000        0xc hwlib.o
 .text._ZN5hwlib6invertERNS_7port_ocE
                0x0000000000000000        0xc hwlib.o
 .text._ZN5hwlib3allERNS_8port_outE
                0x0000000000000000        0xc hwlib.o
 .text._ZN5hwlib6directERNS_8port_outE
                0x0000000000000000        0xc hwlib.o
 .text._ZN5hwlib6directERNS_7port_inE
                0x0000000000000000        0xc hwlib.o
 .text._ZN5hwlib6directERNS_11port_in_outE
                0x0000000000000000        0xc hwlib.o
 .text._ZN5hwlib6directERNS_7port_ocE
                0x0000000000000000        0xc hwlib.o
 .text._ZN5hwlib7ostreamlsEc
                0x0000000000000000        0xe hwlib.o
 .text._ZN5hwliblsERNS_7ostreamEPKc
                0x0000000000000000       0x66 hwlib.o
 .text._ZN5hwliblsERNS_7ostreamEi
                0x0000000000000000       0xce hwlib.o
 .text._ZN5hwliblsERNS_7ostreamENS_2xyE
                0x0000000000000000       0x38 hwlib.o
 .text._ZN5hwlib3allENS_2xyE
                0x0000000000000000       0x16 hwlib.o
 .text._ZN5hwlib6strlenEPKc
                0x0000000000000000       0x10 hwlib.o
 .text._ZN5hwlib8test_endEv
                0x0000000000000000       0x58 hwlib.o
 .text._ZN5hwliblsERNS_7ostreamERKNS_5colorE
                0x0000000000000000       0x54 hwlib.o
 .text._ZN5hwlib6invertERKNS_5imageE
                0x0000000000000000       0x18 hwlib.o
 .text._ZN5hwlib6window5writeENS_2xyENS_5colorE
                0x0000000000000000       0x3e hwlib.o
 .text._ZN5hwlib6circle4drawERNS_6windowE
                0x0000000000000000      0x18a hwlib.o
 .text._ZN5hwlib4line4drawERNS_6windowE
                0x0000000000000000       0xb4 hwlib.o
 .text._ZN5hwlib4randEv
                0x0000000000000000       0x20 hwlib.o
 .text._ZN5hwlib15random_in_rangeEjj
                0x0000000000000000       0x1a hwlib.o
 .text._ZN6sam3xa10SystemInitEv
                0x0000000000000000       0x7c hwlib.o
 .text._ZN3due8pin_infoENS_4pinsE
                0x0000000000000000       0x20 hwlib.o
 .text._ZN3due11ad_pin_infoENS_7ad_pinsE
                0x0000000000000000       0x1c hwlib.o
 .text._ZN3due11ad_seq_infoEm
                0x0000000000000000       0x20 hwlib.o
 .text._ZN3due14port_registersEm
                0x0000000000000000       0x54 hwlib.o
 .text._ZN3due12ticks_per_usEv
                0x0000000000000000        0x6 hwlib.o
 .text._ZN3due9now_ticksEv
                0x0000000000000000       0x80 hwlib.o
 .text._ZN3due9uart_initEv
                0x0000000000000000       0x60 hwlib.o
 .text._ZN3due19uart_char_availableEv
                0x0000000000000000       0x18 hwlib.o
 .text._ZN3due9uart_getcEv
                0x0000000000000000       0x18 hwlib.o
 .text._ZN3due9uart_putcEc
                0x0000000000000000       0x1c hwlib.o
 .text._ZN5hwlib9uart_putcEc
                0x0000000000000000        0x4 hwlib.o
 .text._ZN5hwlib20cout_using_uart_putc4putcEc
                0x0000000000000000        0xa hwlib.o
 .text._ZN5hwlib19uart_char_availableEv
                0x0000000000000000        0x4 hwlib.o
 .text._ZN5hwlib19cin_using_uart_getc14char_availableEv
                0x0000000000000000        0x8 hwlib.o
 .text._ZN5hwlib9uart_getcEv
                0x0000000000000000        0x4 hwlib.o
 .text._ZN5hwlib19cin_using_uart_getc4getcEv
                0x0000000000000000        0x8 hwlib.o
 .text._ZN5hwlib9now_ticksEv
                0x0000000000000000        0x8 hwlib.o
 .text._ZN5hwlib12ticks_per_usEv
                0x0000000000000000        0x8 hwlib.o
 .text._ZN5hwlib7wait_usEi
                0x0000000000000000        0x8 hwlib.o
 .text._ZN5hwlib12wait_ns_busyEi
                0x0000000000000000       0x14 hwlib.o
 .text._ZN5hwlib7wait_nsEi
                0x0000000000000000        0x8 hwlib.o
 .text._ZN5hwlib24uart_getc_bit_banged_pinERNS_6pin_inE
                0x0000000000000000       0x72 hwlib.o
 .text._ZN5hwlib5blinkERNS_7pin_outEj
                0x0000000000000000       0x38 hwlib.o
 .text._ZN5hwlib5blinkERNS_10pin_in_outEj
                0x0000000000000000       0x14 hwlib.o
 .text._ZN5hwlib5blinkERNS_6pin_ocEj
                0x0000000000000000       0x14 hwlib.o
 .text._ZN5hwlib5blinkERNS_7pin_outEjj
                0x0000000000000000       0x42 hwlib.o
 .text._ZN5hwlib5blinkERNS_6pin_ocEjj
                0x0000000000000000       0x18 hwlib.o
 .text._ZN5hwlib5blinkERNS_10pin_in_outEjj
                0x0000000000000000       0x1c hwlib.o
 .text._ZN5hwlib4kittERNS_8port_outEj
                0x0000000000000000       0x50 hwlib.o
 .text._ZN5hwlib4kittERNS_11port_in_outEj
                0x0000000000000000       0x14 hwlib.o
 .text._ZN5hwlib4kittERNS_7port_ocEj
                0x0000000000000000       0x14 hwlib.o
 .text._ZN5hwlib5snakeERNS_8port_outEj
                0x0000000000000000       0x30 hwlib.o
 .text._ZN5hwlib5snakeERNS_11port_in_outEj
                0x0000000000000000       0x14 hwlib.o
 .text._ZN5hwlib5snakeERNS_7port_ocEj
                0x0000000000000000       0x14 hwlib.o
 .text._ZN5hwlib14scrolling_textERNS_8terminalEPKcjjj
                0x0000000000000000       0x64 hwlib.o
 .text._ZN5hwlib12dac_triangleERNS_3dacEj
                0x0000000000000000       0x36 hwlib.o
 .text._ZN5hwlib21graphics_random_linesERNS_6windowEj
                0x0000000000000000      0x104 hwlib.o
 .text._ZN5hwlib23graphics_random_circlesERNS_6windowEj
                0x0000000000000000       0x8c hwlib.o
 .text._ZN5hwlib24uart_putc_bit_banged_pinEcRNS_7pin_outE
                0x0000000000000000       0x5c hwlib.o
 .rodata._ZTVN5hwlib18pin_in_out_dummy_tE
                0x0000000000000000       0x24 hwlib.o
 .rodata._ZTVN5hwlib14pin_in_dummy_tE
                0x0000000000000000       0x10 hwlib.o
 .rodata._ZTVN5hwlib15pin_out_dummy_tE
                0x0000000000000000       0x10 hwlib.o
 .rodata._ZTVN5hwlib14pin_oc_dummy_tE
                0x0000000000000000       0x18 hwlib.o
 .rodata._ZTVN5hwlib17pin_out_from_oc_tE
                0x0000000000000000       0x10 hwlib.o
 .rodata._ZTVN5hwlib18pin_out_from_out_tE
                0x0000000000000000       0x10 hwlib.o
 .rodata._ZTVN5hwlib21pin_out_from_in_out_tE
                0x0000000000000000       0x10 hwlib.o
 .rodata._ZTVN5hwlib16pin_in_from_oc_tE
                0x0000000000000000       0x10 hwlib.o
 .rodata._ZTVN5hwlib16pin_in_from_in_tE
                0x0000000000000000       0x10 hwlib.o
 .rodata._ZTVN5hwlib20pin_in_from_in_out_tE
                0x0000000000000000       0x10 hwlib.o
 .rodata._ZTVN5hwlib20pin_in_out_from_oc_tE
                0x0000000000000000       0x24 hwlib.o
 .rodata._ZTVN5hwlib24pin_in_out_from_in_out_tE
                0x0000000000000000       0x24 hwlib.o
 .rodata._ZTVN5hwlib16pin_oc_from_oc_tE
                0x0000000000000000       0x18 hwlib.o
 .rodata._ZTVN5hwlib20pin_oc_from_in_out_tE
                0x0000000000000000       0x18 hwlib.o
 .rodata._ZTVN5hwlib21pin_invert_from_out_tE
                0x0000000000000000       0x10 hwlib.o
 .rodata._ZTVN5hwlib20pin_invert_from_in_tE
                0x0000000000000000       0x10 hwlib.o
 .rodata._ZTVN5hwlib24pin_invert_from_in_out_tE
                0x0000000000000000       0x24 hwlib.o
 .rodata._ZTVN5hwlib20pin_invert_from_oc_tE
                0x0000000000000000       0x18 hwlib.o
 .rodata._ZTVN5hwlib18all_from_pin_out_tE
                0x0000000000000000       0x10 hwlib.o
 .rodata._ZTVN5hwlib24pin_direct_from_in_out_tE
                0x0000000000000000       0x24 hwlib.o
 .rodata._ZTVN5hwlib20pin_direct_from_in_tE
                0x0000000000000000       0x10 hwlib.o
 .rodata._ZTVN5hwlib21pin_direct_from_out_tE
                0x0000000000000000       0x10 hwlib.o
 .rodata._ZTVN5hwlib20pin_direct_from_oc_tE
                0x0000000000000000       0x18 hwlib.o
 .rodata._ZTVN5hwlib18port_out_from_oc_tE
                0x0000000000000000       0x14 hwlib.o
 .rodata._ZTVN5hwlib19port_out_from_out_tE
                0x0000000000000000       0x14 hwlib.o
 .rodata._ZTVN5hwlib22port_out_from_in_out_tE
                0x0000000000000000       0x14 hwlib.o
 .rodata._ZTVN5hwlib17port_in_from_oc_tE
                0x0000000000000000       0x14 hwlib.o
 .rodata._ZTVN5hwlib17port_in_from_in_tE
                0x0000000000000000       0x14 hwlib.o
 .rodata._ZTVN5hwlib21port_in_from_in_out_tE
                0x0000000000000000       0x14 hwlib.o
 .rodata._ZTVN5hwlib21port_in_out_from_oc_tE
                0x0000000000000000       0x28 hwlib.o
 .rodata._ZTVN5hwlib25port_in_out_from_in_out_tE
                0x0000000000000000       0x28 hwlib.o
 .rodata._ZTVN5hwlib17port_oc_from_oc_tE
                0x0000000000000000       0x1c hwlib.o
 .rodata._ZTVN5hwlib23port_in_out_from_pins_tE
                0x0000000000000000       0x28 hwlib.o
 .rodata._ZTVN5hwlib19port_in_from_pins_tE
                0x0000000000000000       0x14 hwlib.o
 .rodata._ZTVN5hwlib20port_out_from_pins_tE
                0x0000000000000000       0x14 hwlib.o
 .rodata._ZTVN5hwlib23port_out_from_pins_oc_tE
                0x0000000000000000       0x14 hwlib.o
 .rodata._ZTVN5hwlib19port_oc_from_pins_tE
                0x0000000000000000       0x1c hwlib.o
 .rodata._ZTVN5hwlib25port_invert_from_in_out_tE
                0x0000000000000000       0x28 hwlib.o
 .rodata._ZTVN5hwlib21port_invert_from_in_tE
                0x0000000000000000       0x14 hwlib.o
 .rodata._ZTVN5hwlib22port_invert_from_out_tE
                0x0000000000000000       0x14 hwlib.o
 .rodata._ZTVN5hwlib21port_invert_from_oc_tE
                0x0000000000000000       0x1c hwlib.o
 .rodata._ZTVN5hwlib19all_from_port_out_tE
                0x0000000000000000       0x10 hwlib.o
 .rodata._ZTVN5hwlib25port_direct_from_in_out_tE
                0x0000000000000000       0x28 hwlib.o
 .rodata._ZTVN5hwlib21port_direct_from_in_tE
                0x0000000000000000       0x14 hwlib.o
 .rodata._ZTVN5hwlib22port_direct_from_out_tE
                0x0000000000000000       0x14 hwlib.o
 .rodata._ZTVN5hwlib21port_direct_from_oc_tE
                0x0000000000000000       0x1c hwlib.o
 .rodata._ZTVN5hwlib20cout_using_uart_putcE
                0x0000000000000000       0x10 hwlib.o
 .rodata._ZTVN5hwlib19cin_using_uart_getcE
                0x0000000000000000       0x14 hwlib.o
 .rodata._ZTVN5hwlib14image_invert_tE
                0x0000000000000000        0xc hwlib.o
 .rodata._ZTVN5hwlib9image_8x8E
                0x0000000000000000        0xc hwlib.o
 .rodata._ZTVN5hwlib4lineE
                0x0000000000000000        0xc hwlib.o
 .rodata._ZTVN5hwlib6circleE
                0x0000000000000000        0xc hwlib.o
 .bss._ZN5hwlib11string_base5dummyE
                0x0000000000000000        0x1 hwlib.o
 .bss._ZN5hwlib18_equal_calls_countE
                0x0000000000000000        0x4 hwlib.o
 .bss._ZN5hwlib21_equal_failures_countE
                0x0000000000000000        0x4 hwlib.o
 .bss._ZZN3due9now_ticksEvE4high
                0x0000000000000000        0x8 hwlib.o
 .bss._ZZN3due9now_ticksEvE8last_low
                0x0000000000000000        0x4 hwlib.o
 .bss._ZZN3due9now_ticksEvE9init_done
                0x0000000000000000        0x1 hwlib.o
 .bss._ZZN3due9uart_initEvE9init_done
                0x0000000000000000        0x1 hwlib.o
 .bss._ZZN5hwlib4randEvE1n
                0x0000000000000000        0x4 hwlib.o
 .data._ZN3due7hw_uartE
                0x0000000000000000        0x4 hwlib.o
 .data._ZN5hwlib12pin_in_dummyE
                0x0000000000000000        0x4 hwlib.o
 .data._ZN5hwlib12pin_oc_dummyE
                0x0000000000000000        0x4 hwlib.o
 .data._ZN5hwlib13pin_out_dummyE
                0x0000000000000000        0x4 hwlib.o
 .data._ZN5hwlib16pin_in_out_dummyE
                0x0000000000000000        0x4 hwlib.o
 .data._ZN5hwlib3cinE
                0x0000000000000000        0x4 hwlib.o
 .data._ZN5hwlib4coutE
                0x0000000000000000       0x14 hwlib.o
 .data._ZN6sam3xa15SystemCoreClockE
                0x0000000000000000        0x4 hwlib.o
 .rodata._ZN3due8pin_infoENS_4pinsE.str1.1
                0x0000000000000000       0x38 hwlib.o
 .rodata._ZN5hwlib15font_16x16_dataE
                0x0000000000000000      0xbe4 hwlib.o
 .rodata._ZN5hwlib16font_default_8x86imagesE
                0x0000000000000000      0xa00 hwlib.o
 .rodata._ZN5hwlib8test_endEv.str1.1
                0x0000000000000000       0x54 hwlib.o
 .rodata._ZN5hwlibL5blackE
                0x0000000000000000        0x4 hwlib.o
 .rodata._ZN5hwlibL5whiteE
                0x0000000000000000        0x4 hwlib.o
 .rodata._ZN5hwliblsERNS_7ostreamENS_2xyE.str1.1
                0x0000000000000000        0x6 hwlib.o
 .rodata._ZN5hwliblsERNS_7ostreamERKNS_5colorE.str1.1
                0x0000000000000000       0x10 hwlib.o
 .rodata._ZZN3due11ad_pin_infoENS_7ad_pinsEE17ad_pin_info_array
                0x0000000000000000        0xc hwlib.o
 .rodata._ZZN3due11ad_seq_infoEmE12ad_seq_array
                0x0000000000000000       0x70 hwlib.o
 .rodata._ZZN3due8pin_infoENS_4pinsEE14pin_info_array
                0x0000000000000000       0xa4 hwlib.o
 .group         0x0000000000000000        0x8 main.o
 .group         0x0000000000000000        0x8 main.o
 .group         0x0000000000000000        0x8 main.o
 .group         0x0000000000000000        0x8 main.o
 .group         0x0000000000000000        0xc main.o
 .group         0x0000000000000000        0xc main.o
 .group         0x0000000000000000        0xc main.o
 .group         0x0000000000000000        0xc main.o
 .group         0x0000000000000000        0xc main.o
 .text          0x0000000000000000        0x0 main.o
 .data          0x0000000000000000        0x0 main.o
 .bss           0x0000000000000000        0x0 main.o
 .text._ZN3due6pin_in4readEv
                0x0000000000000000       0x10 main.o
 .text._ZN3due6pin_in7refreshEv
                0x0000000000000000        0x2 main.o
 .text._ZN3due7pin_out5writeEb
                0x0000000000000000        0xe main.o
 .text._ZN3due7pin_out5flushEv
                0x0000000000000000        0x2 main.o
 .text._ZN6sam3xa10SystemInitEv
                0x0000000000000000       0x7c main.o
 .text._ZN3due8pin_infoENS_4pinsE
                0x0000000000000000       0x20 main.o
 .text._ZN3due11ad_pin_infoENS_7ad_pinsE
                0x0000000000000000       0x1c main.o
 .text._ZN3due11ad_seq_infoEm
                0x0000000000000000       0x20 main.o
 .text._ZN3due14port_registersEm
                0x0000000000000000       0x54 main.o
 .text._ZN3due12ticks_per_usEv
                0x0000000000000000        0x6 main.o
 .text._ZN3due9now_ticksEv
                0x0000000000000000       0x80 main.o
 .text._ZN5hwlib9uart_putcEc
                0x0000000000000000        0x4 main.o
 .text._ZN5hwlib19uart_char_availableEv
                0x0000000000000000        0x4 main.o
 .text._ZN5hwlib9uart_getcEv
                0x0000000000000000        0x4 main.o
 .rodata._ZTVN3due6pin_inE
                0x0000000000000000       0x10 main.o
 .rodata._ZTVN3due7pin_outE
                0x0000000000000000       0x10 main.o
 .bss._ZZN3due9now_ticksEvE4high
                0x0000000000000000        0x8 main.o
 .bss._ZZN3due9now_ticksEvE8last_low
                0x0000000000000000        0x4 main.o
 .bss._ZZN3due9now_ticksEvE9init_done
                0x0000000000000000        0x1 main.o
 .data._ZN6sam3xa15SystemCoreClockE
                0x0000000000000000        0x4 main.o
 .rodata._ZN3due8pin_infoENS_4pinsE.str1.1
                0x0000000000000000       0x38 main.o
 .rodata._ZZN3due11ad_pin_infoENS_7ad_pinsEE17ad_pin_info_array
                0x0000000000000000        0xc main.o
 .rodata._ZZN3due11ad_seq_infoEmE12ad_seq_array
                0x0000000000000000       0x70 main.o
 .rodata._ZZN3due8pin_infoENS_4pinsEE14pin_info_array
                0x0000000000000000       0xa4 main.o
 .text          0x0000000000000000        0x0 bmptk_cortex.o
 .data          0x0000000000000000        0x0 bmptk_cortex.o
 .bss           0x0000000000000000        0x0 bmptk_cortex.o
 .text.__aeabi_idiv0
                0x0000000000000000        0x4 bmptk_cortex.o
 .text.__cxa_pure_virtual
                0x0000000000000000        0x2 bmptk_cortex.o
 COMMON         0x0000000000000000        0x4 bmptk_cortex.o
 .text          0x0000000000000000        0x0 bmptk_heap_none.o
 .data          0x0000000000000000        0x0 bmptk_heap_none.o
 .bss           0x0000000000000000        0x0 bmptk_heap_none.o
 .text.malloc   0x0000000000000000        0xa bmptk_heap_none.o
 .text.free     0x0000000000000000        0x4 bmptk_heap_none.o
 .comment       0x0000000000000000       0x80 bmptk_heap_none.o
 .text          0x0000000000000000        0x0 bmptk_fixed_size_stack.o
 .data          0x0000000000000000        0x0 bmptk_fixed_size_stack.o
 .bss           0x0000000000000000        0x0 bmptk_fixed_size_stack.o
 .data          0x0000000000000000        0x0 /usr/bin/../lib/gcc/arm-none-eabi/7.3.1/thumb/v7-m/libgcc.a(_aeabi_uldivmod.o)
 .bss           0x0000000000000000        0x0 /usr/bin/../lib/gcc/arm-none-eabi/7.3.1/thumb/v7-m/libgcc.a(_aeabi_uldivmod.o)
 .data          0x0000000000000000        0x0 /usr/bin/../lib/gcc/arm-none-eabi/7.3.1/thumb/v7-m/libgcc.a(_udivmoddi4.o)
 .bss           0x0000000000000000        0x0 /usr/bin/../lib/gcc/arm-none-eabi/7.3.1/thumb/v7-m/libgcc.a(_udivmoddi4.o)
 .ARM.extab     0x0000000000000000        0x0 /usr/bin/../lib/gcc/arm-none-eabi/7.3.1/thumb/v7-m/libgcc.a(_udivmoddi4.o)
 .data          0x0000000000000000        0x0 /usr/bin/../lib/gcc/arm-none-eabi/7.3.1/thumb/v7-m/libgcc.a(_dvmd_tls.o)
 .bss           0x0000000000000000        0x0 /usr/bin/../lib/gcc/arm-none-eabi/7.3.1/thumb/v7-m/libgcc.a(_dvmd_tls.o)
 .data          0x0000000000000000        0x0 /usr/bin/../lib/gcc/arm-none-eabi/7.3.1/../../../../arm-none-eabi/lib/thumb/v7-m/libc.a(lib_a-memcpy.o)
 .bss           0x0000000000000000        0x0 /usr/bin/../lib/gcc/arm-none-eabi/7.3.1/../../../../arm-none-eabi/lib/thumb/v7-m/libc.a(lib_a-memcpy.o)

Memory Configuration

Name             Origin             Length             Attributes
rom              0x0000000000000000 0x0000000000080000 xr
ram              0x0000000020000000 0x0000000000018000 xrw
nul              0x0000000020018000 0x0000000000000000 xrw
*default*        0x0000000000000000 0xffffffffffffffff

Linker script and memory map

LOAD /usr/bin/../lib/gcc/arm-none-eabi/7.3.1/thumb/v7-m/libgcc.a
LOAD max7219.o
LOAD map.o
LOAD player.o
LOAD obstacle.o
LOAD hwlib.o
LOAD main.o
LOAD bmptk_cortex.o
LOAD bmptk_heap_none.o
LOAD bmptk_fixed_size_stack.o
LOAD /usr/bin/../lib/gcc/arm-none-eabi/7.3.1/../../../../arm-none-eabi/lib/thumb/v7-m/libm.a
LOAD /usr/bin/../lib/gcc/arm-none-eabi/7.3.1/thumb/v7-m/libgcc.a
LOAD /usr/bin/../lib/gcc/arm-none-eabi/7.3.1/../../../../arm-none-eabi/lib/thumb/v7-m/libc.a
                0x0000000000000000                __rom_start = ORIGIN (rom)
                0x0000000000080000                __rom_size = LENGTH (rom)
                0x0000000000080000                __rom_end = (__rom_start + __rom_size)
                0x0000000020000000                __ram_start = ORIGIN (ram)
                0x0000000000018000                __ram_size = LENGTH (ram)
                0x0000000020018000                __ram_end = (__ram_start + __ram_size)
                [!provide]                        PROVIDE (__rom_start = __rom_start)
                [!provide]                        PROVIDE (__rom_size = __rom_size)
                [!provide]                        PROVIDE (__rom_end = __rom_end)
                [!provide]                        PROVIDE (__ram_start = __ram_start)
                [!provide]                        PROVIDE (__ram_size = __ram_size)
                [!provide]                        PROVIDE (__ram_end = __ram_end)

.text           0x0000000000000000     0x1110
                0x0000000000000000                . = ALIGN (0x4)
                0x0000000000000000                __text_start = .
                [!provide]                        PROVIDE (__text_start = __text_start)
                0x0000000000000000                . = ALIGN (0x4)
 *(.vectors)
 .vectors       0x0000000000000000       0x20 bmptk_cortex.o
                0x0000000000000000                __vectors
                0x0000000000000020                . = ALIGN (0x4)
 *(.text .text.* .gnu.linkonce.t.*)
 .text._ZN3due7pin_out5writeEb
                0x0000000000000020        0xe max7219.o
                0x0000000000000020                due::pin_out::write(bool)
 .text._ZN3due7pin_out5flushEv
                0x000000000000002e        0x2 max7219.o
                0x000000000000002e                due::pin_out::flush()
 .text._ZN6sam3xa10SystemInitEv
                0x0000000000000030       0x7c max7219.o
                0x0000000000000030                sam3xa::SystemInit()
 .text._ZN3due8pin_infoENS_4pinsE
                0x00000000000000ac       0x20 max7219.o
                0x00000000000000ac                due::pin_info(due::pins)
 .text._ZN3due14port_registersEm
                0x00000000000000cc       0x54 max7219.o
                0x00000000000000cc                due::port_registers(unsigned long)
 .text._ZN3due12ticks_per_usEv
                0x0000000000000120        0x6 max7219.o
                0x0000000000000120                due::ticks_per_us()
 *fill*         0x0000000000000126        0x2 
 .text._ZN3due9now_ticksEv
                0x0000000000000128       0x80 max7219.o
                0x0000000000000128                due::now_ticks()
 .text._ZN7max7219C2EN3due7pin_outES1_S1_
                0x00000000000001a8       0x28 max7219.o
                0x00000000000001a8                max7219::max7219(due::pin_out, due::pin_out, due::pin_out)
                0x00000000000001a8                max7219::max7219(due::pin_out, due::pin_out, due::pin_out)
 .text._ZN7max72199clk_pulseEv
                0x00000000000001d0       0x2a max7219.o
                0x00000000000001d0                max7219::clk_pulse()
 .text._ZN7max72198send_bitEb
                0x00000000000001fa       0x14 max7219.o
                0x00000000000001fa                max7219::send_bit(bool)
 .text._ZN7max72199set_pixelEiib
                0x000000000000020e       0x1a max7219.o
                0x000000000000020e                max7219::set_pixel(int, int, bool)
 .text._ZN7max72195flushEv
                0x0000000000000228       0x78 max7219.o
                0x0000000000000228                max7219::flush()
 .text._ZN7max72195clearEv
                0x00000000000002a0       0x1e max7219.o
                0x00000000000002a0                max7219::clear()
 .text._ZN7max721910shift_leftEv
                0x00000000000002be       0x26 max7219.o
                0x00000000000002be                max7219::shift_left()
 .text._ZN7max721918infinite_loop_leftEPA72_bN3due6pin_inEi
                0x00000000000002e4       0x6e max7219.o
                0x00000000000002e4                max7219::infinite_loop_left(bool (*) [72], due::pin_in, int)
 .text._ZN7max721911repeat_dataEt
                0x0000000000000352       0x44 max7219.o
                0x0000000000000352                max7219::repeat_data(unsigned short)
 .text._ZN7max72197startupEv
                0x0000000000000396       0x4e max7219.o
                0x0000000000000396                max7219::startup()
 .text._ZN3mapC2ER7max7219R6playerR8obstacleS5_S5_S5_
                0x00000000000003e4       0x1a map.o
                0x00000000000003e4                map::map(max7219&, player&, obstacle&, obstacle&, obstacle&, obstacle&)
                0x00000000000003e4                map::map(max7219&, player&, obstacle&, obstacle&, obstacle&, obstacle&)
 .text._ZN3map7startupEv
                0x00000000000003fe       0x44 map.o
                0x00000000000003fe                map::startup()
 .text._ZN3map5resetEv
                0x0000000000000442       0x46 map.o
                0x0000000000000442                map::reset()
 .text._ZN3map4drawEv
                0x0000000000000488       0x50 map.o
                0x0000000000000488                map::draw()
 .text._ZN3map8gameoverEv
                0x00000000000004d8       0x3c map.o
                0x00000000000004d8                map::gameover()
 .text._ZN3map8interactEv
                0x0000000000000514       0xa4 map.o
                0x0000000000000514                map::interact()
 .text._ZN3map6updateEv
                0x00000000000005b8       0x2c map.o
                0x00000000000005b8                map::update()
 .text._ZN3due6pin_in4readEv
                0x00000000000005e4       0x10 player.o
                0x00000000000005e4                due::pin_in::read()
 .text._ZN3due6pin_in7refreshEv
                0x00000000000005f4        0x2 player.o
                0x00000000000005f4                due::pin_in::refresh()
 *fill*         0x00000000000005f6        0x2 
 .text._ZN6playerC2ER7max7219N3due6pin_inES3_
                0x00000000000005f8       0x28 player.o
                0x00000000000005f8                player::player(max7219&, due::pin_in, due::pin_in)
                0x00000000000005f8                player::player(max7219&, due::pin_in, due::pin_in)
 .text._ZN6player4moveEv
                0x0000000000000620       0x3c player.o
                0x0000000000000620                player::move()
 .text._ZN6player4drawEv
                0x000000000000065c       0x22 player.o
                0x000000000000065c                player::draw()
 .text._ZN6player7get_rowEv
                0x000000000000067e        0x4 player.o
                0x000000000000067e                player::get_row()
 .text._ZN6player7set_rowEi
                0x0000000000000682        0x4 player.o
                0x0000000000000682                player::set_row(int)
 *fill*         0x0000000000000686        0x2 
 .text._ZN6player8get_downEv
                0x0000000000000688       0x14 player.o
                0x0000000000000688                player::get_down()
 .text._ZN8obstacleC2ER7max7219iii
                0x000000000000069c       0x42 obstacle.o
                0x000000000000069c                obstacle::obstacle(max7219&, int, int, int)
                0x000000000000069c                obstacle::obstacle(max7219&, int, int, int)
 .text._ZN8obstacle8interactEi
                0x00000000000006de       0x24 obstacle.o
                0x00000000000006de                obstacle::interact(int)
 .text._ZN8obstacle4drawEv
                0x0000000000000702       0x2c obstacle.o
                0x0000000000000702                obstacle::draw()
 .text._ZN8obstacle10get_columnEv
                0x000000000000072e        0x4 obstacle.o
                0x000000000000072e                obstacle::get_column()
 .text._ZN8obstacle8set_rowsEiii
                0x0000000000000732        0x8 obstacle.o
                0x0000000000000732                obstacle::set_rows(int, int, int)
 .text._ZN8obstacle10set_randomEi
                0x000000000000073a        0x4 obstacle.o
                0x000000000000073a                obstacle::set_random(int)
 .text._ZN8obstacle11make_randomEv
                0x000000000000073e       0x28 obstacle.o
                0x000000000000073e                obstacle::make_random()
 .text._ZN8obstacle6updateEv
                0x0000000000000766       0x4a obstacle.o
                0x0000000000000766                obstacle::update()
 .text._ZN5hwlib5panicEPKcj
                0x00000000000007b0        0x2 hwlib.o
                0x00000000000007b0                hwlib::panic(char const*, unsigned int)
 .text._ZN5hwlib6now_usEv
                0x00000000000007b2       0x1c hwlib.o
                0x00000000000007b2                hwlib::now_us()
 .text._ZN5hwlib12wait_us_busyEi
                0x00000000000007ce       0x1c hwlib.o
                0x00000000000007ce                hwlib::wait_us_busy(int)
 .text._ZN5hwlib12wait_ms_busyEi
                0x00000000000007ea       0x16 hwlib.o
                0x00000000000007ea                hwlib::wait_ms_busy(int)
 .text._ZN5hwlib7wait_msEi
                0x0000000000000800        0x8 hwlib.o
                0x0000000000000800                hwlib::wait_ms(int)
 .text._ZN3due6pin_inC2ENS_4pinsE
                0x0000000000000808       0x34 main.o
                0x0000000000000808                due::pin_in::pin_in(due::pins)
                0x0000000000000808                due::pin_in::pin_in(due::pins)
 .text._ZN3due7pin_outC2ENS_4pinsE
                0x000000000000083c       0x34 main.o
                0x000000000000083c                due::pin_out::pin_out(due::pins)
                0x000000000000083c                due::pin_out::pin_out(due::pins)
 .text.startup.main
                0x0000000000000870      0x12c main.o
                0x0000000000000870                main
 .text.__startup
                0x000000000000099c       0x48 bmptk_cortex.o
                0x000000000000099c                __startup
 .text          0x00000000000009e4       0x30 /usr/bin/../lib/gcc/arm-none-eabi/7.3.1/thumb/v7-m/libgcc.a(_aeabi_uldivmod.o)
                0x00000000000009e4                __aeabi_uldivmod
 .text          0x0000000000000a14      0x2d0 /usr/bin/../lib/gcc/arm-none-eabi/7.3.1/thumb/v7-m/libgcc.a(_udivmoddi4.o)
                0x0000000000000a14                __udivmoddi4
 .text          0x0000000000000ce4        0x4 /usr/bin/../lib/gcc/arm-none-eabi/7.3.1/thumb/v7-m/libgcc.a(_dvmd_tls.o)
                0x0000000000000ce4                __aeabi_ldiv0
 .text          0x0000000000000ce8       0xec /usr/bin/../lib/gcc/arm-none-eabi/7.3.1/../../../../arm-none-eabi/lib/thumb/v7-m/libc.a(lib_a-memcpy.o)
                0x0000000000000ce8                memcpy
                0x0000000000000dd4                . = ALIGN (0x4)
 *(.glue_7t .glue_7)
 .glue_7        0x0000000000000dd4        0x0 linker stubs
 .glue_7t       0x0000000000000dd4        0x0 linker stubs
                0x0000000000000dd4                . = ALIGN (0x4)
 *(.rodata .rodata.* .gnu.linkonce.r.*)
 .rodata._ZTVN3due7pin_outE
                0x0000000000000dd4       0x10 max7219.o
                0x0000000000000dd4                vtable for due::pin_out
 .rodata._ZN3due8pin_infoENS_4pinsE.str1.1
                0x0000000000000de4       0x38 max7219.o
 .rodata._ZZN3due8pin_infoENS_4pinsEE14pin_info_array
                0x0000000000000e1c       0xa4 max7219.o
 .rodata        0x0000000000000ec0      0x240 map.o
 .rodata._ZTVN3due6pin_inE
                0x0000000000001100       0x10 player.o
                0x0000000000001100                vtable for due::pin_in
                0x0000000000001110                . = ALIGN (0x4)
 *(.ARM.extab* .gnu.linkonce.armextab.*)
                0x0000000000001110                . = ALIGN (0x4)
 *(.gcc_except_table)
                0x0000000000001110                . = ALIGN (0x4)
 *(.eh_frame_hdr)
                0x0000000000001110                . = ALIGN (0x4)
 *(.eh_frame)
                0x0000000000001110                . = ALIGN (0x4)
                0x0000000000001110                __text_end = .
                [!provide]                        PROVIDE (__text_end = __text_end)

.vfp11_veneer   0x0000000000001110        0x0
 .vfp11_veneer  0x0000000000001110        0x0 linker stubs

.v4_bx          0x0000000000001110        0x0
 .v4_bx         0x0000000000001110        0x0 linker stubs

.iplt           0x0000000000001110        0x0
 .iplt          0x0000000000001110        0x0 max7219.o

.IF_YOU_SEE_THIS_YOU_HAVE_ONE_OR_MORE_GLOBAL_OBJECT_CONSTRUCTORS
 *(.init)
 *(.preinit_array)
 *(SORT_BY_NAME(.init_array.*))
 *(.init_array)
                0x0000000000001110                . = ALIGN (0x4)
                0x0000000000001110                __exidx_start = .
                [!provide]                        PROVIDE (__exidx_start = __exidx_start)

.ARM.exidx      0x0000000000001110        0x8
 *(.ARM.exidx* .gnu.linkonce.armexidx.*)
 .ARM.exidx     0x0000000000001110        0x8 /usr/bin/../lib/gcc/arm-none-eabi/7.3.1/thumb/v7-m/libgcc.a(_udivmoddi4.o)

.rel.dyn        0x0000000000001118        0x0
 .rel.iplt      0x0000000000001118        0x0 max7219.o
                0x0000000000001118                . = ALIGN (0x4)
                0x0000000000001118                __exidx_end = .
                [!provide]                        PROVIDE (__exidx_end = __exidx_end)

.bss            0x0000000020000000    0x12010
                0x0000000020000000                . = ALIGN (0x4)
                0x0000000020000000                __stack_start = .
                [!provide]                        PROVIDE (__stack_start = __stack_start)
                0x0000000020000000                . = ALIGN (0x4)
 *(.bmptk_stack)
 .bmptk_stack   0x0000000020000000    0x12000 bmptk_fixed_size_stack.o
                0x0000000020000000                bmptk_stack
                0x0000000020012000                . = ALIGN (0x8)
                0x0000000020012000                __main_stack_end = .
                [!provide]                        PROVIDE (__main_stack_end = __main_stack_end)
                0x0000000020012000                . = ALIGN (0x4)
                0x0000000020012000                __stack_end = .
                [!provide]                        PROVIDE (__stack_end = __stack_end)
                0x0000000020012000                . = ALIGN (0x4)
                0x0000000020012000                __bss_start = .
                [!provide]                        PROVIDE (__bss_start = __bss_start)
                0x0000000020012000                . = ALIGN (0x4)
 *(.bss .bss.* .gnu.linkonce.b.*)
 .bss._ZZN3due9now_ticksEvE4high
                0x0000000020012000        0x8 max7219.o
 .bss._ZZN3due9now_ticksEvE8last_low
                0x0000000020012008        0x4 max7219.o
 .bss._ZZN3due9now_ticksEvE9init_done
                0x000000002001200c        0x1 max7219.o
                0x0000000020012010                . = ALIGN (0x4)
 *fill*         0x000000002001200d        0x3 
 *(COMMON)
                0x0000000020012010                . = ALIGN (0x4)
                0x0000000020012010                __bss_end = .
                [!provide]                        PROVIDE (__bss_end = __bss_end)

.data           0x0000000020012010        0x4 load address 0x0000000000001118
                0x0000000020012010                . = ALIGN (0x4)
                0x0000000000001118                __data_init_start = LOADADDR (.data)
                [!provide]                        PROVIDE (__data_init_start = __data_init_start)
                0x0000000020012010                __data_start = .
                [!provide]                        PROVIDE (__data_start = __data_start)
                0x0000000020012010                . = ALIGN (0x4)
 *(.data .data.* .gnu.linkonce.d.*)
 .data._ZN6sam3xa15SystemCoreClockE
                0x0000000020012010        0x4 max7219.o
                0x0000000020012010                sam3xa::SystemCoreClock
                0x0000000020012014                . = ALIGN (0x4)
                0x0000000020012014                __data_end = .
                [!provide]                        PROVIDE (__data_end = __data_end)
                0x0000000000001118                __data_init_end = LOADADDR (.data)
                [!provide]                        PROVIDE (__data_init_end = __data_init_end)
                [!provide]                        PROVIDE (__data_size = (__data_end - __data_start))
                [!provide]                        PROVIDE (__data_init_size = __data_size)
                [!provide]                        PROVIDE (__data_init_end = (__data_init_start + __data_init_size))

.igot.plt       0x0000000020012014        0x0 load address 0x000000000000111c
 .igot.plt      0x0000000020012014        0x0 max7219.o
                0x0000000020012014                . = ALIGN (0x4)
                0x0000000020012014                __heap_start = .
                [!provide]                        PROVIDE (__heap_start = __heap_start)
                0x0000000020012014                . = ALIGN (0x4)
                0x0000000020018000                __heap_end = __ram_end
                [!provide]                        PROVIDE (__heap_end = __heap_end)

.stab
 *(.stab)

.stabstr
 *(.stabstr)

.debug
 *(.debug)

.line
 *(.line)

.debug_srcinfo
 *(.debug_srcinfo)

.debug_sfnames
 *(.debug_sfnames)

.debug_aranges
 *(.debug_aranges)

.debug_pubnames
 *(.debug_pubnames)

.debug_info
 *(.debug_info .gnu.linkonce.wi.*)

.debug_abbrev
 *(.debug_abbrev)

.debug_line
 *(.debug_line)

.debug_frame    0x0000000000000000       0x60
 *(.debug_frame)
 .debug_frame   0x0000000000000000       0x2c /usr/bin/../lib/gcc/arm-none-eabi/7.3.1/thumb/v7-m/libgcc.a(_aeabi_uldivmod.o)
 .debug_frame   0x000000000000002c       0x34 /usr/bin/../lib/gcc/arm-none-eabi/7.3.1/thumb/v7-m/libgcc.a(_udivmoddi4.o)

.comment        0x0000000000000000       0x7f
 .comment       0x0000000000000000       0x7f max7219.o
                                         0x80 (size before relaxing)
 .comment       0x000000000000007f       0x80 map.o
 .comment       0x000000000000007f       0x80 player.o
 .comment       0x000000000000007f       0x80 obstacle.o
 .comment       0x000000000000007f       0x80 hwlib.o
 .comment       0x000000000000007f       0x80 main.o
 .comment       0x000000000000007f       0x80 bmptk_cortex.o
 .comment       0x000000000000007f       0x80 bmptk_fixed_size_stack.o

.debug_str
 *(.debug_str)

.debug_loc
 *(.debug_loc)

.debug_macinfo
 *(.debug_macinfo)

.debug_weaknames
 *(.debug_weaknames)

.debug_funcnames
 *(.debug_funcnames)

.debug_typenames
 *(.debug_typenames)

.debug_varnames
 *(.debug_varnames)

.note.gnu.arm.ident
 *(.note.gnu.arm.ident)

.ARM.attributes
                0x0000000000000000       0x31
 *(.ARM.attributes)
 .ARM.attributes
                0x0000000000000000       0x33 max7219.o
 .ARM.attributes
                0x0000000000000033       0x33 map.o
 .ARM.attributes
                0x0000000000000066       0x33 player.o
 .ARM.attributes
                0x0000000000000099       0x33 obstacle.o
 .ARM.attributes
                0x00000000000000cc       0x33 hwlib.o
 .ARM.attributes
                0x00000000000000ff       0x33 main.o
 .ARM.attributes
                0x0000000000000132       0x33 bmptk_cortex.o
 .ARM.attributes
                0x0000000000000165       0x33 bmptk_heap_none.o
 .ARM.attributes
                0x0000000000000198       0x33 bmptk_fixed_size_stack.o
 .ARM.attributes
                0x00000000000001cb       0x1d /usr/bin/../lib/gcc/arm-none-eabi/7.3.1/thumb/v7-m/libgcc.a(_aeabi_uldivmod.o)
 .ARM.attributes
                0x00000000000001e8       0x2d /usr/bin/../lib/gcc/arm-none-eabi/7.3.1/thumb/v7-m/libgcc.a(_udivmoddi4.o)
 .ARM.attributes
                0x0000000000000215       0x1d /usr/bin/../lib/gcc/arm-none-eabi/7.3.1/thumb/v7-m/libgcc.a(_dvmd_tls.o)
 .ARM.attributes
                0x0000000000000232       0x1b /usr/bin/../lib/gcc/arm-none-eabi/7.3.1/../../../../arm-none-eabi/lib/thumb/v7-m/libc.a(lib_a-memcpy.o)

/DISCARD/
 *(.note.GNU-stack)
                [!provide]                        PROVIDE (__text_size = (__text_end - __text_start))
                [!provide]                        PROVIDE (__exidx_size = (__exidx_end - __exidx_start))
                [!provide]                        PROVIDE (__bss_size = (__bss_end - __bss_start))
                [!provide]                        PROVIDE (__stack_size = (__stack_end - __stack_start))
                [!provide]                        PROVIDE (__heap_size = (__heap_end - __heap_start))
OUTPUT(main.elf elf32-littlearm)
